<?xml version="1.0" encoding="utf-8"?><testsuites><testsuite name="pytest" errors="0" failures="1" skipped="0" tests="13" time="35.247" timestamp="2021-04-30T11:04:52.868327" hostname="JOHN-AUD9AR3"><testcase classname="tests.func.test_catvimwiki" name="test_catdiary" time="0.008" /><testcase classname="tests.func.test_catvimwiki" name="test_del_empty_heading" time="0.004" /><testcase classname="tests.func.test_catvimwiki" name="test_no_del_empty_heading" time="0.002" /><testcase classname="tests.unit.test_catvimwiki" name="test_get_last_default[test_input0-date]" time="0.004" /><testcase classname="tests.unit.test_catvimwiki" name="test_get_last_default[test_input1-date]" time="0.001" /><testcase classname="tests.unit.test_catvimwiki" name="test_get_last_thursday[2020-10-31-2020-10-29]" time="0.001" /><testcase classname="tests.unit.test_catvimwiki" name="test_get_last_thursday[2020-11-01-2020-10-29]" time="0.001" /><testcase classname="tests.unit.test_catvimwiki" name="test_get_last_thursday[2020-10-29-2020-10-29]" time="0.003" /><testcase classname="tests.unit.test_catvimwiki" name="test_get_last_thursday[2020-10-28-2020-10-22]" time="0.001" /><testcase classname="tests.unit.test_catvimwiki" name="test_get_last_monday[2020-10-31-2020-10-26]" time="0.001" /><testcase classname="tests.unit.test_catvimwiki" name="test_get_last_monday[2020-10-26-2020-10-26]" time="0.002" /><testcase classname="tests.unit.test_catvimwiki" name="test_catdiary_start_gt_end[test_input0]" time="0.002" /><testcase classname="tests.unit.test_vimwiki_week" name="test_convert_last_week" time="0.002"><failure message="assert False">Traceback (most recent call last):
  File "C:\Users\fishe\GitHub\vimwiki_docx\tests\unit\test_vimwiki_week.py", line 8, in test_convert_last_week
    assert False
AssertionError: assert False</failure></testcase></testsuite></testsuites>